Archive member included to satisfy reference by file (symbol)

/usr/lib/arm-none-eabi/newlib/thumb/nofp/libc_nano.a(libc_a-strlen-stub.o)
                              /tmp/jagoombacolor/build/sram.o (strlen)
/usr/lib/arm-none-eabi/newlib/thumb/nofp/libc_nano.a(libc_a-strcat.o)
                              /tmp/jagoombacolor/build/sram.o (strcat)
/usr/lib/arm-none-eabi/newlib/thumb/nofp/libc_nano.a(libc_a-strcpy.o)
                              /tmp/jagoombacolor/build/sram.o (strcpy)
/usr/lib/arm-none-eabi/newlib/thumb/nofp/libc_nano.a(libc_a-init.o)
                              /tmp/jagoombacolor/build/gba_crt0_my.o (__libc_init_array)
/usr/lib/arm-none-eabi/newlib/thumb/nofp/libc_nano.a(libc_a-memset.o)
                              /tmp/jagoombacolor/build/dma.o (memset)
/usr/lib/arm-none-eabi/newlib/thumb/nofp/libc_nano.a(libc_a-memmove.o)
                              /tmp/jagoombacolor/build/dma.o (memmove)
/usr/lib/arm-none-eabi/newlib/thumb/nofp/libc_nano.a(libc_a-strncpy.o)
                              /tmp/jagoombacolor/build/main.o (strncpy)
/usr/lib/arm-none-eabi/newlib/thumb/nofp/libc_nano.a(libc_a-memcmp.o)
                              /tmp/jagoombacolor/build/minilzo.o (memcmp)
/usr/lib/gcc/arm-none-eabi/13.2.1/thumb/nofp/libgcc.a(_thumb1_case_sqi.o)
                              /tmp/jagoombacolor/build/speedhack.o (__gnu_thumb1_case_sqi)
/usr/lib/gcc/arm-none-eabi/13.2.1/thumb/nofp/libgcc.a(_thumb1_case_uqi.o)
                              /tmp/jagoombacolor/build/rumble.o (__gnu_thumb1_case_uqi)
/usr/lib/gcc/arm-none-eabi/13.2.1/thumb/nofp/libgcc.a(_thumb1_case_shi.o)
                              /tmp/jagoombacolor/build/speedhack.o (__gnu_thumb1_case_shi)
/usr/lib/gcc/arm-none-eabi/13.2.1/thumb/nofp/libgcc.a(_udivsi3.o)
                              /tmp/jagoombacolor/build/minilzo.o (__aeabi_uidiv)
/usr/lib/gcc/arm-none-eabi/13.2.1/thumb/nofp/libgcc.a(_divsi3.o)
                              /tmp/jagoombacolor/build/main.o (__aeabi_idiv)
/usr/lib/gcc/arm-none-eabi/13.2.1/thumb/nofp/libgcc.a(_dvmd_tls.o)
                              /usr/lib/gcc/arm-none-eabi/13.2.1/thumb/nofp/libgcc.a(_udivsi3.o) (__aeabi_idiv0)

There are no discarded input sections

Memory Configuration

Name             Origin             Length             Attributes
rom              0x08000000         0x02000000
iwram            0x03000000         0x00008000
ewram            0x02000000         0x00040000
vram1            0x0600f000         0x00000e00
*default*        0x00000000         0xffffffff

Linker script and memory map

                0x08000000                        __text_start = ORIGIN (rom)
                0x02040000                        __eheap_end = (ORIGIN (ewram) + LENGTH (ewram))
                0x03000000                        __iwram_start = ORIGIN (iwram)
                0x03008000                        __iwram_top = (ORIGIN (iwram) + LENGTH (iwram))
                0x03007fa0                        //__sp_irq = (__iwram_top - 0x60)
                0x03007f00                        //__sp_usr = (__sp_irq - 0xa0)
                0x03007fa0                        __sp_irq = (__iwram_top - 0x60)
                0x03007f40                        __sp_usr = (__sp_irq - 0x60)
                0x03007ff8                        __irq_flags = 0x3007ff8
                0x08000000                        . = __text_start

.init           0x08000000      0x218
 *(.init)
 .init          0x08000000      0x218 /tmp/jagoombacolor/build/gba_crt0_my.o
                0x08000000                _start
                0x080000c4                __boot_method
                0x080000c5                __slave_number
                0x080000e0                start_vector
                0x08000218                        . = ALIGN (0x4)

.plt            0x08000218        0x0
 *(.plt)
                0x08000218                        . = ALIGN (0x4)

.text           0x08000218     0x9080
 *(EXCLUDE_FILE(*.iwram*) .text)
 .text          0x08000218        0x0 /tmp/jagoombacolor/build/gba_crt0_my.o
 .text          0x08000218       0x64 /tmp/jagoombacolor/build/cache.o
                0x08000218                make_instant_pages
                0x08000278                init_cache
 .text          0x0800027c       0x54 /tmp/jagoombacolor/build/dma.o
 .text          0x080002d0       0x60 /tmp/jagoombacolor/build/gbcgamedetect.o
                0x080002d0                GetGbcPaletteNumber
 .text          0x08000330      0x604 /tmp/jagoombacolor/build/main.o
                0x08000330                splash
                0x080003a0                findrom2
                0x080003e0                findrom
                0x080003fc                getcartname
                0x08000444                drawmenu
                0x080004ec                getinput
                0x08000544                rommenu
                0x080006c0                jump_to_rommenu
                0x080006d8                C_entry
 .text          0x08000934        0x0 /tmp/jagoombacolor/build/mbclient.o
 .text          0x08000934      0x9e0 /tmp/jagoombacolor/build/minilzo.o
                0x08000934                __lzo_ptr_linear
                0x08000936                __lzo_align_gap
                0x0800094e                lzo_assert
                0x08000954                lzo_copyright
                0x0800095c                lzo_version
                0x08000964                lzo_version_string
                0x0800096c                lzo_version_date
                0x08000974                _lzo_version_string
                0x0800097c                _lzo_version_date
                0x08000984                lzo_adler32
                0x08000abc                lzo_memcmp
                0x08000ac8                lzo_memcpy
                0x08000ad4                lzo_memmove
                0x08000ae0                lzo_memset
                0x08000aec                _lzo_config_check
                0x08000b70                __lzo_init2
                0x08000bf4                lzo1x_1_compress
                0x08000ed0                lzo1x_decompress
                0x08001080                lzo1x_decompress_safe
 .text          0x08001314      0x504 /tmp/jagoombacolor/build/pocketnes_text.o
                0x08001314                lookup_character
                0x08001334                swap_column
                0x080013ac                move_ui_expose
                0x0800141c                move_ui_scroll
                0x0800143c                move_ui_wait
                0x08001450                move_ui
                0x08001460                loadfont
                0x08001478                loadfontpal
                0x08001494                get_ready_to_display_text
                0x080014e4                clearoldkey
                0x080014f8                getmenuinput
                0x08001574                cls
                0x080015f4                make_ui_visible
                0x08001614                make_ui_invisible
                0x08001630                scrolll
                0x08001678                scrollr
                0x080016c4                drawtextl
                0x0800178c                drawtext
                0x0800179a                drawtext_primary
                0x080017bc                drawtext_secondary
                0x080017dc                setdarkness
                0x080017e8                setbrightnessall
                0x080017f8                waitkey
 .text          0x08001818      0x150 /tmp/jagoombacolor/build/rumble.o
                0x08001818                RumbleInterrupt
                0x08001914                StartRumbleComs
 .text          0x08001968      0x2ac /tmp/jagoombacolor/build/savestate.o
                0x08001968                SaveVers
                0x08001970                SaveEmu
                0x08001974                LoadVers
                0x0800198c                LoadEmu
                0x08001990                SaveRam
                0x080019ac                SaveMapper
                0x080019c4                SaveOam
                0x080019dc                LoadVram
                0x08001a0c                SaveRam2
                0x08001a38                SaveVram
                0x08001a6c                SavePalette
                0x08001a94                LoadRam
                0x08001abc                LoadRam2
                0x08001ae4                LoadMapper
                0x08001b08                LoadPalette
                0x08001b2c                LoadOam
                0x08001b70                LoadSgb
                0x08001b74                SaveSgb
                0x08001b78                LoadState
                0x08001bd8                SaveState
 .text          0x08001c14      0x1b0 /tmp/jagoombacolor/build/speedhack.o
                0x08001c14                quickhackfinder
 .text          0x08001dc4     0x1248 /tmp/jagoombacolor/build/sram.o
                0x08001dc4                flush_end_sram
                0x08001df8                probe_sram_size
                0x08001ee4                getsram
                0x08001f40                checksum_this
                0x08001f90                checksum_mem
                0x08001fbe                checksum_romnum
                0x0800201c                writeerror
                0x08002060                twodigits
                0x08002088                number_at
                0x080020ce                number_cat
                0x080020e6                getstatetimeandsize
                0x08002164                drawstates
                0x08002320                FindStateByIndex
                0x08002368                updatestates
                0x0800242c                managesram
                0x080024b0                deletemenu
                0x08002550                findstate
                0x080025ac                using_flashcart
                0x080025b0                find_rom_number_by_checksum
                0x080025dc                writeconfig
                0x08002630                register_sram_owner
                0x08002648                no_sram_owner
                0x08002664                readconfig
                0x08002694                cleanup_ewram
                0x0800274c                compressstate
                0x080027e0                save_new_sram
                0x0800285c                get_saved_sram
                0x080028fc                backup_gb_sram
                0x08002adc                setup_sram_after_loadstate
                0x08002b68                savestate2
                0x08002cb0                savestatemenu
                0x08002d48                quicksave
                0x08002dd8                loadstate2
                0x08002efc                quickload
                0x08002f24                loadstatemenu
 .text          0x0800300c      0x9dc /tmp/jagoombacolor/build/ui.o
                0x0800300c                autoAset
                0x0800305c                autoBset
                0x080030ac                vblset
                0x080030c4                fpsset
                0x080030d4                swapAB
                0x080030e8                autostateset
                0x080030f8                gbtype
                0x0800310c                gbatype
                0x0800311c                sgbpalnum
                0x08003130                changeautoborder
                0x08003140                brightset
                0x0800316c                restart
                0x0800317c                timermode
                0x080031a0                changelcdhack
                0x080031c4                sleepset
                0x08003218                savestate
                0x0800321c                loadstate
                0x0800321e                strmerge_str
                0x08003248                text1_str
                0x08003280                print_1_func
                0x08003290                text2_str
                0x080032b8                print_2_func
                0x080032c8                drawui2
                0x080033ac                drawui3
                0x0800341c                drawui4
                0x08003478                text
                0x080034ac                text2
                0x080034cc                strmerge
                0x080034e8                drawui1
                0x080035d8                subui
                0x08003678                ui2
                0x08003686                ui3
                0x080036a0                ui4
                0x080036ae                drawclock
                0x0800371c                ui
                0x0800388c                fadetowhite
                0x080038b6                exit_
                0x080038ec                sleep_
                0x08003918                draw_palette_list
                0x08003978                chpalette
 .text          0x080039e8     0x510c /tmp/jagoombacolor/build/all.o
                0x080044e0                update_doublespeed_ui
                0x080045fc                emu_reset
                0x080046d0                run
                0x080046ec                speedhack_reset
                0x08004768                install_speedhack
                0x08004ed8                echo_R
                0x08004ee8                echo_W
                0x0800500c                memset32_
                0x08005010                memcpy32_
                0x08005128                loadcart_after_sgb_border
                0x08005140                loadcart
                0x0800541c                map0123_
                0x08005448                mbc0init
                0x0800545c                mbc1init
                0x080054cc                mbc2init
                0x080054f8                mbc3init
                0x080055d0                mbc5init
                0x080055f0                mbc7init
                0x0800561c                huc1init
                0x0800563c                huc3init
                0x0800565c                mmm01init
                0x0800565c                mbc4init
                0x0800565c                mbc6init
                0x080056e0                move_ui_asm
                0x08005710                GFX_init_irq
                0x08005748                GFX_init
                0x080057e4                GFX_reset
                0x08005980                resetlcdregs
                0x080059a8                PaletteTxAll
                0x080059ec                paletteinit
                0x08005a44                transfer_palette
                0x08005afc                debug_
                0x08005b00                update_sgb_palette
                0x08006460                FF42_R
                0x08006468                FF43_R
                0x08006470                FF44_W
                0x08006474                FF47_R
                0x0800647c                FF48_R
                0x08006484                FF49_R
                0x0800648c                FF4A_R
                0x08006494                FF4B_R
                0x0800649c                FF68_R
                0x080064a4                FF69_R
                0x080064b8                FF6A_R
                0x080064c0                FF6B_R
                0x080064d4                FF68_W
                0x080064dc                FF6A_W
                0x080064e4                update_lcdhack
                0x0800656c                breakpoint
                0x08006574                vbaprint
                0x0800657c                LZ77UnCompVram
                0x08006584                waitframe
                0x08006594                CheckGBAVersion
                0x080065cc                jump_r0
                0x080065d0                doReset
                0x08006624                VISOLY_START
                0x080067e0                VISOLY_END
                0x080067e0                suspend
                0x0800681c                thumbcall_r1
                0x08006820                gettime
                0x08006930                IO_reset
                0x08006b88                Sound_reset
                0x08006bcc                _FF10W
                0x08006bd8                _FF11W
                0x08006be8                _FF12W
                0x08006bf4                _FF13W
                0x08006c04                _FF14W
                0x08006c14                _FF16W
                0x08006c24                _FF17W
                0x08006c30                _FF18W
                0x08006c40                _FF19W
                0x08006c50                _FF1AW
                0x08006c64                _FF1BW
                0x08006c74                _FF1CW
                0x08006c84                _FF1DW
                0x08006c94                _FF1EW
                0x08006ca4                _FF30W
                0x08006cb4                _FF20W
                0x08006cc0                _FF21W
                0x08006ccc                _FF22W
                0x08006cd8                _FF23W
                0x08006ce4                _FF24W
                0x08006cf0                _FF25W
                0x08006cfc                _FF26W
                0x08006d08                _FF10R
                0x08006d14                _FF11R
                0x08006d20                _FF12R
                0x08006d2c                _FF13R
                0x08006d38                _FF14R
                0x08006d44                _FF16R
                0x08006d50                _FF17R
                0x08006d5c                _FF18R
                0x08006d68                _FF19R
                0x08006d74                _FF1AR
                0x08006d84                _FF1BR
                0x08006d90                _FF1CR
                0x08006da0                _FF1DR
                0x08006dac                _FF1ER
                0x08006db8                _FF30R
                0x08006dc8                _FF20R
                0x08006dd4                _FF21R
                0x08006de0                _FF22R
                0x08006dec                _FF23R
                0x08006df8                _FF24R
                0x08006e04                _FF25R
                0x08006e10                _FF26R
                0x08006e84                sgb_reset
                0x08006f38                joy0_W_SGB
                0x08007518                GBPalettes
                0x080086b8                GBPalettes_end
                0x080086b8                SaveRegs
                0x08008720                LoadRegs
                0x0800878c                SaveIo
                0x0800881c                LoadIo
                0x080089a8                AfterLoadState
 .text          0x08008af4        0x0 /tmp/jagoombacolor/build/data.o
 .text          0x08008af4        0x2 /tmp/jagoombacolor/build/stub.o
                0x08008af4                _init
 *fill*         0x08008af6        0x2 ff
 .text          0x08008af8       0x60 /usr/lib/arm-none-eabi/newlib/thumb/nofp/libc_nano.a(libc_a-strlen-stub.o)
                0x08008af8                strlen
 .text          0x08008b58       0x50 /usr/lib/arm-none-eabi/newlib/thumb/nofp/libc_nano.a(libc_a-strcat.o)
                0x08008b58                strcat
 .text          0x08008ba8       0x10 /usr/lib/arm-none-eabi/newlib/thumb/nofp/libc_nano.a(libc_a-strcpy.o)
                0x08008ba8                strcpy
 .text          0x08008bb8       0x54 /usr/lib/arm-none-eabi/newlib/thumb/nofp/libc_nano.a(libc_a-init.o)
                0x08008bb8                __libc_init_array
 .text          0x08008c0c       0xb0 /usr/lib/arm-none-eabi/newlib/thumb/nofp/libc_nano.a(libc_a-memset.o)
                0x08008c0c                memset
 .text          0x08008cbc       0xbc /usr/lib/arm-none-eabi/newlib/thumb/nofp/libc_nano.a(libc_a-memmove.o)
                0x08008cbc                memmove
 .text          0x08008d78       0x68 /usr/lib/arm-none-eabi/newlib/thumb/nofp/libc_nano.a(libc_a-strncpy.o)
                0x08008d78                strncpy
 .text          0x08008de0       0x4c /usr/lib/arm-none-eabi/newlib/thumb/nofp/libc_nano.a(libc_a-memcmp.o)
                0x08008de0                memcmp
 .text          0x08008e2c       0x14 /usr/lib/gcc/arm-none-eabi/13.2.1/thumb/nofp/libgcc.a(_thumb1_case_sqi.o)
                0x08008e2c                __gnu_thumb1_case_sqi
 .text          0x08008e40       0x14 /usr/lib/gcc/arm-none-eabi/13.2.1/thumb/nofp/libgcc.a(_thumb1_case_uqi.o)
                0x08008e40                __gnu_thumb1_case_uqi
 .text          0x08008e54       0x14 /usr/lib/gcc/arm-none-eabi/13.2.1/thumb/nofp/libgcc.a(_thumb1_case_shi.o)
                0x08008e54                __gnu_thumb1_case_shi
 .text          0x08008e68      0x11c /usr/lib/gcc/arm-none-eabi/13.2.1/thumb/nofp/libgcc.a(_udivsi3.o)
                0x08008e68                __udivsi3
                0x08008e68                __aeabi_uidiv
                0x08008f64                __aeabi_uidivmod
 .text          0x08008f84      0x150 /usr/lib/gcc/arm-none-eabi/13.2.1/thumb/nofp/libgcc.a(_divsi3.o)
                0x08008f84                __aeabi_idiv
                0x08008f84                __divsi3
                0x080090b4                __aeabi_idivmod
 .text          0x080090d4        0x4 /usr/lib/gcc/arm-none-eabi/13.2.1/thumb/nofp/libgcc.a(_dvmd_tls.o)
                0x080090d4                __aeabi_ldiv0
                0x080090d4                __aeabi_idiv0
 *(.text .stub SORT_BY_NAME(.text.*) .gnu.linkonce.t.*)
 .text.startup  0x080090d8       0x64 /tmp/jagoombacolor/build/main.o
                0x080090d8                main
 *fill*         0x0800913c        0x4 ff
 .text.startup.__stub
                0x08009140      0x13c linker stubs
 *(.text.*personality*)
 *(.gnu.warning)
 *(.glue_7t)
 .glue_7t       0x08009298        0x0 linker stubs
 *(.glue_7)
 .glue_7        0x08009298        0x0 linker stubs
 *(.vfp11_veneer)
 .vfp11_veneer  0x08009298        0x0 linker stubs
                0x08009298                        . = ALIGN (0x4)
                0x08009298                        __text_end = .

.v4_bx          0x08009298        0x0
 .v4_bx         0x08009298        0x0 linker stubs

.iplt           0x08009298        0x0
 .iplt          0x08009298        0x0 /tmp/jagoombacolor/build/gba_crt0_my.o

.fini           0x08009298        0x0
 *(.fini)
                0x08009298                        . = ALIGN (0x4)

.rodata         0x080092a0     0x1dbc
 *(.rodata)
 .rodata        0x080092a0        0x4 /tmp/jagoombacolor/build/cache.o
                0x080092a0                bank_1
 .rodata        0x080092a4      0x112 /tmp/jagoombacolor/build/gbcgamedetect.o
                0x080092a4                gameHashTable
 .rodata        0x080093b6        0x5 /tmp/jagoombacolor/build/minilzo.o
                0x080093b6                __lzo_copyright
 .rodata        0x080093bb        0xb /tmp/jagoombacolor/build/pocketnes_text.o
 .rodata        0x080093c6        0x9 /tmp/jagoombacolor/build/rumble.o
                0x080093c6                GBPData
 *fill*         0x080093cf        0x1 ff
 .rodata        0x080093d0       0x84 /tmp/jagoombacolor/build/savestate.o
                0x080093d0                tags
                0x080093fc                loadFunc
                0x08009428                saveFunc
 .rodata        0x08009454      0x100 /tmp/jagoombacolor/build/speedhack.o
                0x08009454                INS_TABLE
 .rodata        0x08009554       0x3c /tmp/jagoombacolor/build/sram.o
                0x08009560                configtemplate
 .rodata        0x08009590      0x2d4 /tmp/jagoombacolor/build/ui.o
                0x08009590                vsynctxt
                0x0800959c                autotxt
                0x080095a8                sleeptxt
                0x080095b8                gbtxt
                0x080095c8                brightxt
                0x080095dc                palnumtxt
                0x080095ec                clocktxt
                0x080095f4                lcdhacktxt
                0x08009604                hostname
                0x08009618                drawuiX
                0x0800962c                MENUXITEMS
                0x08009634                fnlistX
                0x08009648                paltxt
                0x080097c0                bordtxt
                0x080097d0                ctrltxt
                0x080097e4                fnlist4
                0x080097ec                fnlist3
                0x080097f8                fnlist2
                0x08009818                fnlist1
                0x08009844                multifnlist
 *fill*         0x08009864        0xc ff
 .rodata        0x08009870      0x810 /tmp/jagoombacolor/build/data.o
                0x08009870                font_lz77
                0x0800a040                fontpal_bin
                0x0800a040                font_lz77_end
                0x0800a080                fontpal_bin_end
 .rodata        0x0800a080      0x7d0 /tmp/jagoombacolor/build/font_lz77.o
                0x0800a080                _binary__tmp_jagoombacolor_src_font__lz77_start
                0x0800a850                _binary__tmp_jagoombacolor_src_font__lz77_end
 .rodata        0x0800a850       0x40 /tmp/jagoombacolor/build/fontpal_bin.o
                0x0800a850                _binary__tmp_jagoombacolor_src_fontpal_bin_start
                0x0800a890                _binary__tmp_jagoombacolor_src_fontpal_bin_end
 *all.rodata*(*)
 *(.roda)
 *(.rodata.*)
 .rodata.str1.1
                0x0800a890      0x7cc /tmp/jagoombacolor/build/main.o
                                 0x81 (size before relaxing)
 .rodata.str1.1
                0x0800b05c       0x11 /tmp/jagoombacolor/build/minilzo.o
 .rodata.str1.1
                0x0800b05c       0xe3 /tmp/jagoombacolor/build/sram.o
 .rodata.str1.1
                0x0800b05c      0x676 /tmp/jagoombacolor/build/ui.o
 *(.gnu.linkonce.r*)
                0x0800b6d4                        . = ALIGN (0x4)

.ARM.extab
 *(.ARM.extab* .gnu.linkonce.armextab.*)
                0x0800b05c                        __exidx_start = .

.ARM.exidx
 *(.ARM.exidx* .gnu.linkonce.armexidx.*)
                0x0800b05c                        __exidx_end = .

.ctors          0x0800b05c        0x0
 *crtbegin.o(.ctors)
 *(EXCLUDE_FILE(*crtend.o) .ctors)
 *(SORT_BY_NAME(.ctors.*))
 *(.ctors)
                0x0800b05c                        . = ALIGN (0x4)

.dtors          0x0800b05c        0x0
 *crtbegin.o(.dtors)
 *(EXCLUDE_FILE(*crtend.o) .dtors)
 *(SORT_BY_NAME(.dtors.*))
 *(.dtors)
                0x0800b05c                        . = ALIGN (0x4)

.eh_frame       0x0800b05c        0x0
 *(.eh_frame)
                0x0800b05c                        . = ALIGN (0x4)

.gcc_except_table
                0x0800b05c        0x0
 *(.gcc_except_table)
                0x0800b05c                        . = ALIGN (0x4)
                0x0800b05c                        __iwram_lma = .

.bss_prefix     0x03000000        0x0
                0x03000000                        __bss_prefix_start__ = ABSOLUTE (.)
 *(.bss_prefix)
 *(SORT_BY_NAME(.bss_prefix.*))
 *(.bss_prefix*)
                0x03000000                        . = ALIGN (0x4)
                0x03000000                        __bss_prefix_end__ = ABSOLUTE (.)

.iwram          0x03000000     0x7840 load address 0x0800b05c
                0x03000000                        __iwram_start__ = ABSOLUTE (.)
 *(.iwram)
 *iwram.*(.text)
 *(SORT_BY_NAME(.iwram.*))
 .iwram.0       0x03000000     0x2cf8 /tmp/jagoombacolor/build/all.o
                0x03000010                _00
 .iwram.1       0x03002cf8     0x1798 /tmp/jagoombacolor/build/all.o
                0x03002d88                vbldummy
                0x03002d8c                vblankfptr
                0x03002d94                vcountfptr
                0x03002d9c                vblankinterrupt
                0x030031bc                update_ui_border_masks
                0x0300352c                FF46_W
                0x030036bc                vcountinterrupt
                0x0300375c                FF40_R
                0x03003764                FF40_W
                0x03003884                FF42_W
                0x030038a8                FF43_W
                0x030038dc                FF44_R
                0x030039d4                FF47_W
                0x03003a28                FF48_W
                0x03003a38                FF49_W
                0x03003a48                FF4A_W
                0x03003a6c                FF4F_W
                0x03003aa8                FF4F_R
                0x03003ab4                FF4B_W
                0x03003ad8                vram_W_8
                0x03003b10                vram_W_9
                0x03003b40                vram_W2
                0x03003b5c                FF69_W
                0x03003b84                FF6B_W
                0x03003bc4                OAM_R
                0x03003bd8                OAM_W
                0x03003c00                fpsenabled
                0x03003cd4                refreshNESjoypads
                0x03003d10                joycfg
                0x03003d24                _F0
                0x03003d54                _F2
                0x03003d88                IO_R
                0x03003d94                IO_High_R
                0x03003da0                io_read_tbl
                0x03003ea4                FF41_R_ptr
                0x03003eb0                FF44_R_ptr
                0x03003fa0                _E0
                0x03003fd8                _E2
                0x03004014                IO_W
                0x03004020                IO_High_W
                0x0300402c                joypad_write_ptr
                0x0300402c                io_write_tbl
                0x03004250                _FF70W
                0x030042bc                joy0_W
                0x030042ec                joy0_R_SGB
                0x030043d4                copy_map_and_compare
 .iwram.2       0x03004490      0x5e0 /tmp/jagoombacolor/build/all.o
                0x03004490                empty_R
                0x03004490                void
                0x03004498                empty_W
                0x0300449c                mem_R00
                0x030044a8                mem_R20
                0x030044b4                mem_R40
                0x030044c0                mem_R60
                0x030044cc                mem_R80
                0x030044d8                mem_RA0
                0x030044e4                mem_RC0
                0x030044f0                mem_RC0_2
                0x030044fc                sram_W2
                0x03004500                sram_W2_modify
                0x03004508                sram_W
                0x03004514                wram_W
                0x03004524                wram_W_2
                0x03004530                memset32
                0x030045a4                memcpy32
                0x03004614                bytecopy
                0x03004628                memset8
                0x03004638                memcpy
                0x03004640                memcpy_unaligned_src
                0x0300469c                RamSelect
 .iwram.3       0x03004a70      0x63c /tmp/jagoombacolor/build/all.o
                0x03004bc0                line145_to_end
                0x03004c1c                immediate_check_irq
                0x03004c34                default_scanlinehook
                0x03004dd8                checkIRQ
                0x03004fcc                FF41_W
                0x03004ff4                FF41_R_vblank
                0x03005000                FF41_R
                0x03005000                lcdstat
                0x03005004                FF41_modify1
                0x0300504c                FF45_R
                0x03005054                FF45_W
 .iwram.4       0x030050ac       0x70 /tmp/jagoombacolor/build/all.o
                0x030050ac                map4567_
                0x030050f4                mapAB_
 .iwram.end.100
                0x0300511c      0x524 /tmp/jagoombacolor/build/all.o
                0x03005120                _quickhackused
                0x03005121                _quickhackcounter
                0x03005124                _speedhack_pc
                0x03005128                g_readmem_tbl
                0x03005168                op_table
                0x03005168                GLOBAL_PTR_BASE
                0x03005568                g_writemem_tbl
                0x030055a8                rommap
                0x030055a8                g_memmap_tbl
                0x030055e8                cpustate
                0x0300560d                gbc_mode
                0x0300561c                frametotal
                0x0300563c                doubletimer
                0x0300563c                request_gba_mode
                0x0300563e                request_gb_type
                0x0300563f                novblankwait
 .iwram.end.101
                0x03005640       0xac /tmp/jagoombacolor/build/all.o
                0x03005640                FPSValue
                0x03005644                AGBinput
                0x03005648                EMUinput
                0x0300564c                lcdstate
                0x03005650                g_scanline
                0x0300565b                _vrambank
                0x0300565c                _dma_src
                0x0300565e                _dma_dest
                0x03005660                _dirty_tile_bits
                0x03005664                _gb_oam_buffer_alt
                0x03005693                ui_border_visible
                0x03005694                sgb_palette_number
                0x03005695                gammavalue
                0x03005696                darkness
                0x030056a8                ui_x
                0x030056ac                ui_y_real
                0x030056d0                _gb_oam_buffer_screen
                0x030056d4                _gb_oam_buffer_writing
                0x030056d8                palettebank
                0x030056ea                g_lcdhack
                0x030056eb                _dmamode
 .iwram.end.102
                0x030056ec       0x4c /tmp/jagoombacolor/build/all.o
                0x030056ec                g_banks
                0x03005720                romstart
                0x03005724                romnum
                0x03005728                g_emuflags
                0x03005730                g_rammask
                0x03005734                g_cartflags
                0x03005735                g_sramsize
 .iwram.end.103
                0x03005738        0x8 /tmp/jagoombacolor/build/all.o
 .iwram.end.104
                0x03005740       0x1c /tmp/jagoombacolor/build/all.o
                0x0300574b                g_sgb_mask
                0x0300574c                g_update_border_palette
                0x0300574d                auto_border
                0x0300574e                _autoborderstate
 .iwram.end.105
                0x0300575c        0xc /tmp/jagoombacolor/build/all.o
                0x03005760                sleeptime
                0x03005764                dontstop
                0x03005765                g_hackflags
 .iwram.end.106
                0x03005768       0x40 /tmp/jagoombacolor/build/all.o
                0x03005770                _vram_packet_dest
                0x03005774                _vram_packet_source
 .iwram.end.107
                0x030057a8     0x2080 /tmp/jagoombacolor/build/all.o
                0x030057a8                XGB_RAM
                0x030077a8                XGB_HRAM
 .iwram.end.107.__stub
                0x03007828       0x18 linker stubs
                0x03007840                        . = ALIGN (0x4)
                0x03007840                        __iwram_end__ = ABSOLUTE (.)
                0x0801289c                        __data_lma = (__iwram_lma + SIZEOF (.iwram))

.data           0x03007840        0x0 load address 0x0801289c
                0x03007840                        __data_start__ = ABSOLUTE (.)
 *(.data)
 .data          0x03007840        0x0 /tmp/jagoombacolor/build/gba_crt0_my.o
 .data          0x03007840        0x0 /tmp/jagoombacolor/build/cache.o
 .data          0x03007840        0x0 /tmp/jagoombacolor/build/dma.o
 .data          0x03007840        0x0 /tmp/jagoombacolor/build/gbcgamedetect.o
 .data          0x03007840        0x0 /tmp/jagoombacolor/build/main.o
 .data          0x03007840        0x0 /tmp/jagoombacolor/build/mbclient.o
 .data          0x03007840        0x0 /tmp/jagoombacolor/build/minilzo.o
 .data          0x03007840        0x0 /tmp/jagoombacolor/build/pocketnes_text.o
 .data          0x03007840        0x0 /tmp/jagoombacolor/build/rumble.o
 .data          0x03007840        0x0 /tmp/jagoombacolor/build/savestate.o
 .data          0x03007840        0x0 /tmp/jagoombacolor/build/speedhack.o
 .data          0x03007840        0x0 /tmp/jagoombacolor/build/sram.o
 .data          0x03007840        0x0 /tmp/jagoombacolor/build/ui.o
 .data          0x03007840        0x0 /tmp/jagoombacolor/build/all.o
 .data          0x03007840        0x0 /tmp/jagoombacolor/build/data.o
 .data          0x03007840        0x0 /tmp/jagoombacolor/build/stub.o
 .data          0x03007840        0x0 /usr/lib/arm-none-eabi/newlib/thumb/nofp/libc_nano.a(libc_a-strlen-stub.o)
 .data          0x03007840        0x0 /usr/lib/arm-none-eabi/newlib/thumb/nofp/libc_nano.a(libc_a-strcat.o)
 .data          0x03007840        0x0 /usr/lib/arm-none-eabi/newlib/thumb/nofp/libc_nano.a(libc_a-strcpy.o)
 .data          0x03007840        0x0 /usr/lib/arm-none-eabi/newlib/thumb/nofp/libc_nano.a(libc_a-init.o)
 .data          0x03007840        0x0 /usr/lib/arm-none-eabi/newlib/thumb/nofp/libc_nano.a(libc_a-memset.o)
 .data          0x03007840        0x0 /usr/lib/arm-none-eabi/newlib/thumb/nofp/libc_nano.a(libc_a-memmove.o)
 .data          0x03007840        0x0 /usr/lib/arm-none-eabi/newlib/thumb/nofp/libc_nano.a(libc_a-strncpy.o)
 .data          0x03007840        0x0 /usr/lib/arm-none-eabi/newlib/thumb/nofp/libc_nano.a(libc_a-memcmp.o)
 .data          0x03007840        0x0 /usr/lib/gcc/arm-none-eabi/13.2.1/thumb/nofp/libgcc.a(_thumb1_case_sqi.o)
 .data          0x03007840        0x0 /usr/lib/gcc/arm-none-eabi/13.2.1/thumb/nofp/libgcc.a(_thumb1_case_uqi.o)
 .data          0x03007840        0x0 /usr/lib/gcc/arm-none-eabi/13.2.1/thumb/nofp/libgcc.a(_thumb1_case_shi.o)
 .data          0x03007840        0x0 /usr/lib/gcc/arm-none-eabi/13.2.1/thumb/nofp/libgcc.a(_udivsi3.o)
 .data          0x03007840        0x0 /usr/lib/gcc/arm-none-eabi/13.2.1/thumb/nofp/libgcc.a(_divsi3.o)
 .data          0x03007840        0x0 /usr/lib/gcc/arm-none-eabi/13.2.1/thumb/nofp/libgcc.a(_dvmd_tls.o)
 *(SORT_BY_NAME(.data.*))
 *(.gnu.linkonce.d*)
                0x03007840                        . = ALIGN (0x4)
                0x0801289c                        __preinit_lma = (__data_lma + SIZEOF (.data))

.igot.plt       0x03007840        0x0 load address 0x0801289c
 .igot.plt      0x03007840        0x0 /tmp/jagoombacolor/build/gba_crt0_my.o

.preinit_array  0x03007840        0x0 load address 0x0801289c
                0x03007840                        __preinit_array_start = ABSOLUTE (.)
 *(.preinit_array)
                0x03007840                        __preinit_array_end = ABSOLUTE (.)
                0x0801289c                        __init_lma = (__preinit_lma + SIZEOF (.preinit_array))

.init_array     0x03007840        0x0 load address 0x0801289c
                0x03007840                        __init_array_start = ABSOLUTE (.)
 *(SORT_BY_NAME(.init_array.*))
 *(.init_array)
                0x03007840                        __init_array_end = ABSOLUTE (.)
                0x0801289c                        __fini_lma = (__init_lma + SIZEOF (.init_array))

.fini_array     0x03007840        0x0 load address 0x0801289c
                0x03007840                        __fini_array_start = ABSOLUTE (.)
 *(SORT_BY_NAME(.fini_array.*))
 *(.fini_array)
                0x03007840                        __fini_array_end = ABSOLUTE (.)
                0x0801289c                        __jcr_lma = (__fini_lma + SIZEOF (.fini_array))

.jcr
 *(.jcr)
                0x03007840                        __data_end__ = ABSOLUTE (.)

.bss            0x03007840      0x534
                0x03007840                        __bss_start = ABSOLUTE (.)
                0x03007840                        __bss_start__ = ABSOLUTE (.)
 *(.dynbss)
 *(.gnu.linkonce.b*)
 *(.bss)
 .bss           0x03007840        0x0 /tmp/jagoombacolor/build/gba_crt0_my.o
 .bss           0x03007840        0x0 /tmp/jagoombacolor/build/cache.o
 .bss           0x03007840       0x10 /tmp/jagoombacolor/build/dma.o
                0x03007840                dirtyPacketIndex
                0x03007844                vram_packet_first_source
                0x03007848                vram_packet_first_dest
                0x0300784c                incoming_packet_cursor
 .bss           0x03007850        0x0 /tmp/jagoombacolor/build/gbcgamedetect.o
 .bss           0x03007850        0x8 /tmp/jagoombacolor/build/main.o
 .bss           0x03007858        0x0 /tmp/jagoombacolor/build/mbclient.o
 .bss           0x03007858       0x10 /tmp/jagoombacolor/build/minilzo.o
                0x03007864                __lzo_init_done
 .bss           0x03007868        0x0 /tmp/jagoombacolor/build/pocketnes_text.o
 .bss           0x03007868        0x0 /tmp/jagoombacolor/build/rumble.o
 .bss           0x03007868        0x0 /tmp/jagoombacolor/build/savestate.o
 .bss           0x03007868        0x0 /tmp/jagoombacolor/build/speedhack.o
 .bss           0x03007868        0x0 /tmp/jagoombacolor/build/sram.o
 .bss           0x03007868        0x0 /tmp/jagoombacolor/build/ui.o
 .bss           0x03007868        0x0 /tmp/jagoombacolor/build/all.o
 .bss           0x03007868        0x0 /tmp/jagoombacolor/build/data.o
 .bss           0x03007868        0x1 /tmp/jagoombacolor/build/stub.o
 .bss           0x03007869        0x0 /usr/lib/arm-none-eabi/newlib/thumb/nofp/libc_nano.a(libc_a-strlen-stub.o)
 .bss           0x03007869        0x0 /usr/lib/arm-none-eabi/newlib/thumb/nofp/libc_nano.a(libc_a-strcat.o)
 .bss           0x03007869        0x0 /usr/lib/arm-none-eabi/newlib/thumb/nofp/libc_nano.a(libc_a-strcpy.o)
 .bss           0x03007869        0x0 /usr/lib/arm-none-eabi/newlib/thumb/nofp/libc_nano.a(libc_a-init.o)
 .bss           0x03007869        0x0 /usr/lib/arm-none-eabi/newlib/thumb/nofp/libc_nano.a(libc_a-memset.o)
 .bss           0x03007869        0x0 /usr/lib/arm-none-eabi/newlib/thumb/nofp/libc_nano.a(libc_a-memmove.o)
 .bss           0x03007869        0x0 /usr/lib/arm-none-eabi/newlib/thumb/nofp/libc_nano.a(libc_a-strncpy.o)
 .bss           0x03007869        0x0 /usr/lib/arm-none-eabi/newlib/thumb/nofp/libc_nano.a(libc_a-memcmp.o)
 .bss           0x03007869        0x0 /usr/lib/gcc/arm-none-eabi/13.2.1/thumb/nofp/libgcc.a(_thumb1_case_sqi.o)
 .bss           0x03007869        0x0 /usr/lib/gcc/arm-none-eabi/13.2.1/thumb/nofp/libgcc.a(_thumb1_case_uqi.o)
 .bss           0x03007869        0x0 /usr/lib/gcc/arm-none-eabi/13.2.1/thumb/nofp/libgcc.a(_thumb1_case_shi.o)
 .bss           0x03007869        0x0 /usr/lib/gcc/arm-none-eabi/13.2.1/thumb/nofp/libgcc.a(_udivsi3.o)
 .bss           0x03007869        0x0 /usr/lib/gcc/arm-none-eabi/13.2.1/thumb/nofp/libgcc.a(_divsi3.o)
 .bss           0x03007869        0x0 /usr/lib/gcc/arm-none-eabi/13.2.1/thumb/nofp/libgcc.a(_dvmd_tls.o)
 *(COMMON)
 *(SORT_BY_NAME(.bss.*))
 *fill*         0x03007869        0x3 
 .bss.end       0x0300786c      0x508 /tmp/jagoombacolor/build/all.o
                0x03007870                gbc_palette
                0x03007970                CHR_DECODE
 *(.bss*)
                0x03007d74                        . = ALIGN (0x4)
                0x03007d74                        __bss_end__ = ABSOLUTE (.)
                0x0801289c                        __iwram_overlay_lma = (__jcr_lma + SIZEOF (.jcr))
                0x03007d74                        __iwram_overlay_start = .

.iwram0         0x03007d74        0x0 load address 0x0801289c
 *(.iwram0)
                0x03007d74                        . = ALIGN (0x4)
                0x0801289c                        PROVIDE (__load_start_iwram0 = LOADADDR (.iwram0))
                0x0801289c                        PROVIDE (__load_stop_iwram0 = (LOADADDR (.iwram0) + SIZEOF (.iwram0)))

.iwram1         0x03007d74        0x0
 *(.iwram1)
                0x03007d74                        . = ALIGN (0x4)
                [!provide]                        PROVIDE (__load_start_iwram1 = LOADADDR (.iwram1))
                [!provide]                        PROVIDE (__load_stop_iwram1 = (LOADADDR (.iwram1) + SIZEOF (.iwram1)))

.iwram2         0x03007d74        0x0
 *(.iwram2)
                0x03007d74                        . = ALIGN (0x4)
                [!provide]                        PROVIDE (__load_start_iwram2 = LOADADDR (.iwram2))
                [!provide]                        PROVIDE (__load_stop_iwram2 = (LOADADDR (.iwram2) + SIZEOF (.iwram2)))

.iwram3         0x03007d74        0x0
 *(.iwram3)
                0x03007d74                        . = ALIGN (0x4)
                [!provide]                        PROVIDE (__load_start_iwram3 = LOADADDR (.iwram3))
                [!provide]                        PROVIDE (__load_stop_iwram3 = (LOADADDR (.iwram3) + SIZEOF (.iwram3)))

.iwram4         0x03007d74        0x0
 *(.iwram4)
                0x03007d74                        . = ALIGN (0x4)
                [!provide]                        PROVIDE (__load_start_iwram4 = LOADADDR (.iwram4))
                [!provide]                        PROVIDE (__load_stop_iwram4 = (LOADADDR (.iwram4) + SIZEOF (.iwram4)))

.iwram5         0x03007d74        0x0
 *(.iwram5)
                0x03007d74                        . = ALIGN (0x4)
                [!provide]                        PROVIDE (__load_start_iwram5 = LOADADDR (.iwram5))
                [!provide]                        PROVIDE (__load_stop_iwram5 = (LOADADDR (.iwram5) + SIZEOF (.iwram5)))

.iwram6         0x03007d74        0x0
 *(.iwram6)
                0x03007d74                        . = ALIGN (0x4)
                [!provide]                        PROVIDE (__load_start_iwram6 = LOADADDR (.iwram6))
                [!provide]                        PROVIDE (__load_stop_iwram6 = (LOADADDR (.iwram6) + SIZEOF (.iwram6)))

.iwram7         0x03007d74        0x0
 *(.iwram7)
                0x03007d74                        . = ALIGN (0x4)
                [!provide]                        PROVIDE (__load_start_iwram7 = LOADADDR (.iwram7))
                [!provide]                        PROVIDE (__load_stop_iwram7 = (LOADADDR (.iwram7) + SIZEOF (.iwram7)))

.iwram8         0x03007d74        0x0
 *(.iwram8)
                0x03007d74                        . = ALIGN (0x4)
                [!provide]                        PROVIDE (__load_start_iwram8 = LOADADDR (.iwram8))
                [!provide]                        PROVIDE (__load_stop_iwram8 = (LOADADDR (.iwram8) + SIZEOF (.iwram8)))

.iwram9         0x03007d74        0x0
 *(.iwram9)
                0x03007d74                        . = ALIGN (0x4)
                [!provide]                        PROVIDE (__load_start_iwram9 = LOADADDR (.iwram9))
                [!provide]                        PROVIDE (__load_stop_iwram9 = (LOADADDR (.iwram9) + SIZEOF (.iwram9)))
                0x03007d74                        __iwram_overlay_end = .
                0x0801289c                        __ewram_lma = (__iwram_overlay_lma + (__iwram_overlay_end - __iwram_overlay_start))
                0x03007d74                        __iheap_start = .
                0x02000000                        __ewram_start = ORIGIN (ewram)

.ewram          0x02000000        0x4 load address 0x0801289c
 *(.ewram)
 .ewram         0x02000000        0x4 /tmp/jagoombacolor/build/sram.o
                0x02000000                save_start
 *(SORT_BY_NAME(.ewram.*))
                0x02000004                        . = ALIGN (0x4)
                0x02000004                        __ewram_end = ABSOLUTE (.)

.sbss           0x02000004       0xc0
                0x02000004                        __sbss_start__ = ABSOLUTE (.)
 *(.sbss)
 .sbss          0x02000004        0x4 /tmp/jagoombacolor/build/dma.o
                0x02000004                dmaBaseAddress
 .sbss          0x02000008       0x48 /tmp/jagoombacolor/build/main.o
                0x02000008                gameboyplayer
                0x02000009                gbaversion
                0x0200000c                textstart
                0x02000010                pogoshell
                0x02000014                roms
                0x02000018                oldinput
                0x0200001c                selectedrom
                0x02000020                pogoshell_romname
                0x02000040                rtc
                0x02000044                ewram_start
                0x02000048                max_multiboot_size
                0x0200004c                copiedfromrom
 .sbss          0x02000050       0x10 /tmp/jagoombacolor/build/pocketnes_text.o
                0x02000050                old_ui_x
                0x02000054                ui_y
                0x02000058                oldkey
                0x0200005c                selected
 .sbss          0x02000060       0x14 /tmp/jagoombacolor/build/rumble.o
                0x02000060                SerialIn
                0x02000064                stage
                0x02000066                SerOut1
                0x02000068                ind
                0x0200006a                SerOut0
                0x0200006c                DoRumble
                0x02000070                RumbleCnt
 .sbss          0x02000074        0x4 /tmp/jagoombacolor/build/savestate.o
                0x02000074                saveVersion
 .sbss          0x02000078       0x20 /tmp/jagoombacolor/build/sram.o
                0x02000078                sram_copy
                0x0200007c                lzo_workspace
                0x02000080                current_save_file
                0x02000084                totalstatesize
                0x02000088                sram_owner
                0x0200008c                compressed_save
                0x02000090                doNotLoadSram
                0x02000094                uncompressed_save
 .sbss          0x02000098       0x2c /tmp/jagoombacolor/build/ui.o
                0x02000098                autoA
                0x02000099                autoB
                0x0200009a                autostate
                0x0200009b                stime
                0x0200009c                str
                0x020000bc                mainmenuitems
                0x020000c0                main_ui_selection
 *(SORT_BY_NAME(.sbss.*))
                0x020000c4                        . = ALIGN (0x4)
                0x020000c4                        __sbss_end__ = ABSOLUTE (.)
                0x020000c4                        __end__ = ABSOLUTE (.)
                0x020000c4                        __eheap_start = ABSOLUTE (.)
                0x020100c4                        fake_heap_end = (__eheap_start + 0x10000)
                0x080128a0                        __vram1_lma = (__ewram_lma + SIZEOF (.ewram))
                0x0600f000                        __vram1_start = ORIGIN (vram1)

.vram1          0x0600f000      0x8d8 load address 0x080128a0
 *(.vram1)
 .vram1         0x0600f000      0x3d8 /tmp/jagoombacolor/build/dma.o
                0x0600f09c                new_dma_packet
                0x0600f10c                DoDma
 .vram1         0x0600f3d8      0x4b0 /tmp/jagoombacolor/build/all.o
                0x0600f694                newframe_vblank
 .vram1.__stub  0x0600f888       0x48 linker stubs
 *(SORT_BY_NAME(.vram1.*))
                0x0600f8d0                        . = ALIGN (0x4)
                0x0600f8d8                        __vram1_end = ABSOLUTE (.)
                0x0600f8d8                        __vram1_end__ = ABSOLUTE (.)
                0x08013178                        __pad_lma = (__vram1_lma + SIZEOF (.vram1))

.pad            0x0600f8d8        0x8 load address 0x08013178
                0x0600f8d8        0x4 LONG 0x52416b64
                0x0600f8dc        0x4 LONG 0x4d
                0x0600f8e0                        . = ALIGN (0x4)
                0x08013180                        __rom_end__ = (__pad_lma + SIZEOF (.pad))

.rel.dyn        0x0600f8e0        0x0 load address 0x08013180
 .rel.iplt      0x0600f8e0        0x0 /tmp/jagoombacolor/build/gba_crt0_my.o

.stab
 *(.stab)

.stabstr
 *(.stabstr)

.stab.excl
 *(.stab.excl)

.stab.exclstr
 *(.stab.exclstr)

.stab.index
 *(.stab.index)

.stab.indexstr
 *(.stab.indexstr)

.comment        0x00000000       0x26
 *(.comment)
 .comment       0x00000000       0x26 /tmp/jagoombacolor/build/cache.o
                                 0x27 (size before relaxing)
 .comment       0x00000026       0x27 /tmp/jagoombacolor/build/dma.o
 .comment       0x00000026       0x27 /tmp/jagoombacolor/build/gbcgamedetect.o
 .comment       0x00000026       0x27 /tmp/jagoombacolor/build/main.o
 .comment       0x00000026       0x27 /tmp/jagoombacolor/build/mbclient.o
 .comment       0x00000026       0x27 /tmp/jagoombacolor/build/minilzo.o
 .comment       0x00000026       0x27 /tmp/jagoombacolor/build/pocketnes_text.o
 .comment       0x00000026       0x27 /tmp/jagoombacolor/build/rumble.o
 .comment       0x00000026       0x27 /tmp/jagoombacolor/build/savestate.o
 .comment       0x00000026       0x27 /tmp/jagoombacolor/build/speedhack.o
 .comment       0x00000026       0x27 /tmp/jagoombacolor/build/sram.o
 .comment       0x00000026       0x27 /tmp/jagoombacolor/build/ui.o
 .comment       0x00000026       0x27 /tmp/jagoombacolor/build/stub.o
 .comment       0x00000026       0x27 /usr/lib/arm-none-eabi/newlib/thumb/nofp/libc_nano.a(libc_a-strlen-stub.o)
 .comment       0x00000026       0x27 /usr/lib/arm-none-eabi/newlib/thumb/nofp/libc_nano.a(libc_a-strcat.o)
 .comment       0x00000026       0x27 /usr/lib/arm-none-eabi/newlib/thumb/nofp/libc_nano.a(libc_a-strcpy.o)
 .comment       0x00000026       0x27 /usr/lib/arm-none-eabi/newlib/thumb/nofp/libc_nano.a(libc_a-init.o)
 .comment       0x00000026       0x27 /usr/lib/arm-none-eabi/newlib/thumb/nofp/libc_nano.a(libc_a-memset.o)
 .comment       0x00000026       0x27 /usr/lib/arm-none-eabi/newlib/thumb/nofp/libc_nano.a(libc_a-memmove.o)
 .comment       0x00000026       0x27 /usr/lib/arm-none-eabi/newlib/thumb/nofp/libc_nano.a(libc_a-strncpy.o)
 .comment       0x00000026       0x27 /usr/lib/arm-none-eabi/newlib/thumb/nofp/libc_nano.a(libc_a-memcmp.o)

.debug
 *(.debug)

.line
 *(.line)

.debug_srcinfo
 *(.debug_srcinfo)

.debug_sfnames
 *(.debug_sfnames)

.debug_aranges  0x00000000      0x378
 *(.debug_aranges)
 .debug_aranges
                0x00000000       0x20 /tmp/jagoombacolor/build/cache.o
 .debug_aranges
                0x00000020       0x38 /tmp/jagoombacolor/build/dma.o
 .debug_aranges
                0x00000058       0x20 /tmp/jagoombacolor/build/gbcgamedetect.o
 .debug_aranges
                0x00000078       0x28 /tmp/jagoombacolor/build/main.o
 .debug_aranges
                0x000000a0       0x18 /tmp/jagoombacolor/build/mbclient.o
 .debug_aranges
                0x000000b8       0x20 /tmp/jagoombacolor/build/minilzo.o
 .debug_aranges
                0x000000d8       0x20 /tmp/jagoombacolor/build/pocketnes_text.o
 .debug_aranges
                0x000000f8       0x20 /tmp/jagoombacolor/build/rumble.o
 .debug_aranges
                0x00000118       0x20 /tmp/jagoombacolor/build/savestate.o
 .debug_aranges
                0x00000138       0x20 /tmp/jagoombacolor/build/speedhack.o
 .debug_aranges
                0x00000158       0x20 /tmp/jagoombacolor/build/sram.o
 .debug_aranges
                0x00000178       0x20 /tmp/jagoombacolor/build/ui.o
 .debug_aranges
                0x00000198       0x20 /tmp/jagoombacolor/build/stub.o
 .debug_aranges
                0x000001b8       0x20 /usr/lib/arm-none-eabi/newlib/thumb/nofp/libc_nano.a(libc_a-strlen-stub.o)
 .debug_aranges
                0x000001d8       0x20 /usr/lib/arm-none-eabi/newlib/thumb/nofp/libc_nano.a(libc_a-strcat.o)
 .debug_aranges
                0x000001f8       0x20 /usr/lib/arm-none-eabi/newlib/thumb/nofp/libc_nano.a(libc_a-strcpy.o)
 .debug_aranges
                0x00000218       0x20 /usr/lib/arm-none-eabi/newlib/thumb/nofp/libc_nano.a(libc_a-init.o)
 .debug_aranges
                0x00000238       0x20 /usr/lib/arm-none-eabi/newlib/thumb/nofp/libc_nano.a(libc_a-memset.o)
 .debug_aranges
                0x00000258       0x20 /usr/lib/arm-none-eabi/newlib/thumb/nofp/libc_nano.a(libc_a-memmove.o)
 .debug_aranges
                0x00000278       0x20 /usr/lib/arm-none-eabi/newlib/thumb/nofp/libc_nano.a(libc_a-strncpy.o)
 .debug_aranges
                0x00000298       0x20 /usr/lib/arm-none-eabi/newlib/thumb/nofp/libc_nano.a(libc_a-memcmp.o)
 .debug_aranges
                0x000002b8       0x20 /usr/lib/gcc/arm-none-eabi/13.2.1/thumb/nofp/libgcc.a(_thumb1_case_sqi.o)
 .debug_aranges
                0x000002d8       0x20 /usr/lib/gcc/arm-none-eabi/13.2.1/thumb/nofp/libgcc.a(_thumb1_case_uqi.o)
 .debug_aranges
                0x000002f8       0x20 /usr/lib/gcc/arm-none-eabi/13.2.1/thumb/nofp/libgcc.a(_thumb1_case_shi.o)
 .debug_aranges
                0x00000318       0x20 /usr/lib/gcc/arm-none-eabi/13.2.1/thumb/nofp/libgcc.a(_udivsi3.o)
 .debug_aranges
                0x00000338       0x20 /usr/lib/gcc/arm-none-eabi/13.2.1/thumb/nofp/libgcc.a(_divsi3.o)
 .debug_aranges
                0x00000358       0x20 /usr/lib/gcc/arm-none-eabi/13.2.1/thumb/nofp/libgcc.a(_dvmd_tls.o)

.debug_pubnames
 *(.debug_pubnames)

.debug_info     0x00000000     0x9998
 *(.debug_info)
 .debug_info    0x00000000      0x199 /tmp/jagoombacolor/build/cache.o
 .debug_info    0x00000199      0xd33 /tmp/jagoombacolor/build/dma.o
 .debug_info    0x00000ecc      0x192 /tmp/jagoombacolor/build/gbcgamedetect.o
 .debug_info    0x0000105e      0xee9 /tmp/jagoombacolor/build/main.o
 .debug_info    0x00001f47       0x6c /tmp/jagoombacolor/build/mbclient.o
 .debug_info    0x00001fb3     0x11ea /tmp/jagoombacolor/build/minilzo.o
 .debug_info    0x0000319d      0xb8a /tmp/jagoombacolor/build/pocketnes_text.o
 .debug_info    0x00003d27      0x1c6 /tmp/jagoombacolor/build/rumble.o
 .debug_info    0x00003eed      0xd21 /tmp/jagoombacolor/build/savestate.o
 .debug_info    0x00004c0e      0x6f6 /tmp/jagoombacolor/build/speedhack.o
 .debug_info    0x00005304     0x26d1 /tmp/jagoombacolor/build/sram.o
 .debug_info    0x000079d5     0x154b /tmp/jagoombacolor/build/ui.o
 .debug_info    0x00008f20       0x52 /tmp/jagoombacolor/build/stub.o
 .debug_info    0x00008f72       0xeb /usr/lib/arm-none-eabi/newlib/thumb/nofp/libc_nano.a(libc_a-strlen-stub.o)
 .debug_info    0x0000905d      0x130 /usr/lib/arm-none-eabi/newlib/thumb/nofp/libc_nano.a(libc_a-strcat.o)
 .debug_info    0x0000918d       0xc3 /usr/lib/arm-none-eabi/newlib/thumb/nofp/libc_nano.a(libc_a-strcpy.o)
 .debug_info    0x00009250      0x10b /usr/lib/arm-none-eabi/newlib/thumb/nofp/libc_nano.a(libc_a-init.o)
 .debug_info    0x0000935b      0x135 /usr/lib/arm-none-eabi/newlib/thumb/nofp/libc_nano.a(libc_a-memset.o)
 .debug_info    0x00009490      0x148 /usr/lib/arm-none-eabi/newlib/thumb/nofp/libc_nano.a(libc_a-memmove.o)
 .debug_info    0x000095d8      0x14a /usr/lib/arm-none-eabi/newlib/thumb/nofp/libc_nano.a(libc_a-strncpy.o)
 .debug_info    0x00009722      0x12b /usr/lib/arm-none-eabi/newlib/thumb/nofp/libc_nano.a(libc_a-memcmp.o)
 .debug_info    0x0000984d       0x31 /usr/lib/gcc/arm-none-eabi/13.2.1/thumb/nofp/libgcc.a(_thumb1_case_sqi.o)
 .debug_info    0x0000987e       0x31 /usr/lib/gcc/arm-none-eabi/13.2.1/thumb/nofp/libgcc.a(_thumb1_case_uqi.o)
 .debug_info    0x000098af       0x31 /usr/lib/gcc/arm-none-eabi/13.2.1/thumb/nofp/libgcc.a(_thumb1_case_shi.o)
 .debug_info    0x000098e0       0x3e /usr/lib/gcc/arm-none-eabi/13.2.1/thumb/nofp/libgcc.a(_udivsi3.o)
 .debug_info    0x0000991e       0x3e /usr/lib/gcc/arm-none-eabi/13.2.1/thumb/nofp/libgcc.a(_divsi3.o)
 .debug_info    0x0000995c       0x3c /usr/lib/gcc/arm-none-eabi/13.2.1/thumb/nofp/libgcc.a(_dvmd_tls.o)

.debug_abbrev   0x00000000     0x2960
 *(.debug_abbrev)
 .debug_abbrev  0x00000000      0x15d /tmp/jagoombacolor/build/cache.o
 .debug_abbrev  0x0000015d      0x404 /tmp/jagoombacolor/build/dma.o
 .debug_abbrev  0x00000561       0xfa /tmp/jagoombacolor/build/gbcgamedetect.o
 .debug_abbrev  0x0000065b      0x3be /tmp/jagoombacolor/build/main.o
 .debug_abbrev  0x00000a19       0x26 /tmp/jagoombacolor/build/mbclient.o
 .debug_abbrev  0x00000a3f      0x3b7 /tmp/jagoombacolor/build/minilzo.o
 .debug_abbrev  0x00000df6      0x43d /tmp/jagoombacolor/build/pocketnes_text.o
 .debug_abbrev  0x00001233      0x107 /tmp/jagoombacolor/build/rumble.o
 .debug_abbrev  0x0000133a      0x3d0 /tmp/jagoombacolor/build/savestate.o
 .debug_abbrev  0x0000170a      0x2ac /tmp/jagoombacolor/build/speedhack.o
 .debug_abbrev  0x000019b6      0x456 /tmp/jagoombacolor/build/sram.o
 .debug_abbrev  0x00001e0c      0x4b1 /tmp/jagoombacolor/build/ui.o
 .debug_abbrev  0x000022bd       0x4b /tmp/jagoombacolor/build/stub.o
 .debug_abbrev  0x00002308       0x90 /usr/lib/arm-none-eabi/newlib/thumb/nofp/libc_nano.a(libc_a-strlen-stub.o)
 .debug_abbrev  0x00002398       0xce /usr/lib/arm-none-eabi/newlib/thumb/nofp/libc_nano.a(libc_a-strcat.o)
 .debug_abbrev  0x00002466       0x7b /usr/lib/arm-none-eabi/newlib/thumb/nofp/libc_nano.a(libc_a-strcpy.o)
 .debug_abbrev  0x000024e1       0xc9 /usr/lib/arm-none-eabi/newlib/thumb/nofp/libc_nano.a(libc_a-init.o)
 .debug_abbrev  0x000025aa       0xb7 /usr/lib/arm-none-eabi/newlib/thumb/nofp/libc_nano.a(libc_a-memset.o)
 .debug_abbrev  0x00002661       0xc3 /usr/lib/arm-none-eabi/newlib/thumb/nofp/libc_nano.a(libc_a-memmove.o)
 .debug_abbrev  0x00002724       0xbe /usr/lib/arm-none-eabi/newlib/thumb/nofp/libc_nano.a(libc_a-strncpy.o)
 .debug_abbrev  0x000027e2       0x90 /usr/lib/arm-none-eabi/newlib/thumb/nofp/libc_nano.a(libc_a-memcmp.o)
 .debug_abbrev  0x00002872       0x28 /usr/lib/gcc/arm-none-eabi/13.2.1/thumb/nofp/libgcc.a(_thumb1_case_sqi.o)
 .debug_abbrev  0x0000289a       0x28 /usr/lib/gcc/arm-none-eabi/13.2.1/thumb/nofp/libgcc.a(_thumb1_case_uqi.o)
 .debug_abbrev  0x000028c2       0x28 /usr/lib/gcc/arm-none-eabi/13.2.1/thumb/nofp/libgcc.a(_thumb1_case_shi.o)
 .debug_abbrev  0x000028ea       0x28 /usr/lib/gcc/arm-none-eabi/13.2.1/thumb/nofp/libgcc.a(_udivsi3.o)
 .debug_abbrev  0x00002912       0x28 /usr/lib/gcc/arm-none-eabi/13.2.1/thumb/nofp/libgcc.a(_divsi3.o)
 .debug_abbrev  0x0000293a       0x26 /usr/lib/gcc/arm-none-eabi/13.2.1/thumb/nofp/libgcc.a(_dvmd_tls.o)

.debug_line     0x00000000     0x67bd
 *(.debug_line)
 .debug_line    0x00000000      0x154 /tmp/jagoombacolor/build/cache.o
 .debug_line    0x00000154      0x82a /tmp/jagoombacolor/build/dma.o
 .debug_line    0x0000097e      0x12c /tmp/jagoombacolor/build/gbcgamedetect.o
 .debug_line    0x00000aaa      0xa55 /tmp/jagoombacolor/build/main.o
 .debug_line    0x000014ff       0x42 /tmp/jagoombacolor/build/mbclient.o
 .debug_line    0x00001541     0x12c0 /tmp/jagoombacolor/build/minilzo.o
 .debug_line    0x00002801      0x868 /tmp/jagoombacolor/build/pocketnes_text.o
 .debug_line    0x00003069      0x21c /tmp/jagoombacolor/build/rumble.o
 .debug_line    0x00003285      0x3b8 /tmp/jagoombacolor/build/savestate.o
 .debug_line    0x0000363d      0x318 /tmp/jagoombacolor/build/speedhack.o
 .debug_line    0x00003955     0x173c /tmp/jagoombacolor/build/sram.o
 .debug_line    0x00005091      0x9f4 /tmp/jagoombacolor/build/ui.o
 .debug_line    0x00005a85       0x50 /tmp/jagoombacolor/build/stub.o
 .debug_line    0x00005ad5      0x194 /usr/lib/arm-none-eabi/newlib/thumb/nofp/libc_nano.a(libc_a-strlen-stub.o)
 .debug_line    0x00005c69      0x102 /usr/lib/arm-none-eabi/newlib/thumb/nofp/libc_nano.a(libc_a-strcat.o)
 .debug_line    0x00005d6b       0xb4 /usr/lib/arm-none-eabi/newlib/thumb/nofp/libc_nano.a(libc_a-strcpy.o)
 .debug_line    0x00005e1f      0x102 /usr/lib/arm-none-eabi/newlib/thumb/nofp/libc_nano.a(libc_a-init.o)
 .debug_line    0x00005f21      0x1bd /usr/lib/arm-none-eabi/newlib/thumb/nofp/libc_nano.a(libc_a-memset.o)
 .debug_line    0x000060de      0x1f0 /usr/lib/arm-none-eabi/newlib/thumb/nofp/libc_nano.a(libc_a-memmove.o)
 .debug_line    0x000062ce      0x173 /usr/lib/arm-none-eabi/newlib/thumb/nofp/libc_nano.a(libc_a-strncpy.o)
 .debug_line    0x00006441      0x161 /usr/lib/arm-none-eabi/newlib/thumb/nofp/libc_nano.a(libc_a-memcmp.o)
 .debug_line    0x000065a2       0x52 /usr/lib/gcc/arm-none-eabi/13.2.1/thumb/nofp/libgcc.a(_thumb1_case_sqi.o)
 .debug_line    0x000065f4       0x52 /usr/lib/gcc/arm-none-eabi/13.2.1/thumb/nofp/libgcc.a(_thumb1_case_uqi.o)
 .debug_line    0x00006646       0x53 /usr/lib/gcc/arm-none-eabi/13.2.1/thumb/nofp/libgcc.a(_thumb1_case_shi.o)
 .debug_line    0x00006699       0x67 /usr/lib/gcc/arm-none-eabi/13.2.1/thumb/nofp/libgcc.a(_udivsi3.o)
 .debug_line    0x00006700       0x73 /usr/lib/gcc/arm-none-eabi/13.2.1/thumb/nofp/libgcc.a(_divsi3.o)
 .debug_line    0x00006773       0x4a /usr/lib/gcc/arm-none-eabi/13.2.1/thumb/nofp/libgcc.a(_dvmd_tls.o)

.debug_frame    0x00000000     0x1204
 *(.debug_frame)
 .debug_frame   0x00000000       0x3c /tmp/jagoombacolor/build/cache.o
 .debug_frame   0x0000003c       0x90 /tmp/jagoombacolor/build/dma.o
 .debug_frame   0x000000cc       0x2c /tmp/jagoombacolor/build/gbcgamedetect.o
 .debug_frame   0x000000f8      0x124 /tmp/jagoombacolor/build/main.o
 .debug_frame   0x0000021c      0x1cc /tmp/jagoombacolor/build/minilzo.o
 .debug_frame   0x000003e8      0x264 /tmp/jagoombacolor/build/pocketnes_text.o
 .debug_frame   0x0000064c       0x3c /tmp/jagoombacolor/build/rumble.o
 .debug_frame   0x00000688      0x1d4 /tmp/jagoombacolor/build/savestate.o
 .debug_frame   0x0000085c       0x30 /tmp/jagoombacolor/build/speedhack.o
 .debug_frame   0x0000088c      0x40c /tmp/jagoombacolor/build/sram.o
 .debug_frame   0x00000c98      0x3b0 /tmp/jagoombacolor/build/ui.o
 .debug_frame   0x00001048       0x20 /tmp/jagoombacolor/build/stub.o
 .debug_frame   0x00001068       0x28 /usr/lib/arm-none-eabi/newlib/thumb/nofp/libc_nano.a(libc_a-strlen-stub.o)
 .debug_frame   0x00001090       0x2c /usr/lib/arm-none-eabi/newlib/thumb/nofp/libc_nano.a(libc_a-strcat.o)
 .debug_frame   0x000010bc       0x20 /usr/lib/arm-none-eabi/newlib/thumb/nofp/libc_nano.a(libc_a-strcpy.o)
 .debug_frame   0x000010dc       0x2c /usr/lib/arm-none-eabi/newlib/thumb/nofp/libc_nano.a(libc_a-init.o)
 .debug_frame   0x00001108       0x30 /usr/lib/arm-none-eabi/newlib/thumb/nofp/libc_nano.a(libc_a-memset.o)
 .debug_frame   0x00001138       0x34 /usr/lib/arm-none-eabi/newlib/thumb/nofp/libc_nano.a(libc_a-memmove.o)
 .debug_frame   0x0000116c       0x2c /usr/lib/arm-none-eabi/newlib/thumb/nofp/libc_nano.a(libc_a-strncpy.o)
 .debug_frame   0x00001198       0x2c /usr/lib/arm-none-eabi/newlib/thumb/nofp/libc_nano.a(libc_a-memcmp.o)
 .debug_frame   0x000011c4       0x20 /usr/lib/gcc/arm-none-eabi/13.2.1/thumb/nofp/libgcc.a(_udivsi3.o)
 .debug_frame   0x000011e4       0x20 /usr/lib/gcc/arm-none-eabi/13.2.1/thumb/nofp/libgcc.a(_divsi3.o)

.debug_str      0x00000000     0x22e3
 *(.debug_str)
 .debug_str     0x00000000     0x22e3 /tmp/jagoombacolor/build/cache.o
                                0x1c1 (size before relaxing)
 .debug_str     0x000022e3      0x5f4 /tmp/jagoombacolor/build/dma.o
 .debug_str     0x000022e3      0x1d1 /tmp/jagoombacolor/build/gbcgamedetect.o
 .debug_str     0x000022e3      0x5b7 /tmp/jagoombacolor/build/main.o
 .debug_str     0x000022e3      0x15f /tmp/jagoombacolor/build/mbclient.o
 .debug_str     0x000022e3      0x597 /tmp/jagoombacolor/build/minilzo.o
 .debug_str     0x000022e3      0x450 /tmp/jagoombacolor/build/pocketnes_text.o
 .debug_str     0x000022e3      0x1c6 /tmp/jagoombacolor/build/rumble.o
 .debug_str     0x000022e3      0x3e1 /tmp/jagoombacolor/build/savestate.o
 .debug_str     0x000022e3      0x345 /tmp/jagoombacolor/build/speedhack.o
 .debug_str     0x000022e3      0xae1 /tmp/jagoombacolor/build/sram.o
 .debug_str     0x000022e3      0x678 /tmp/jagoombacolor/build/ui.o
 .debug_str     0x000022e3       0xeb /tmp/jagoombacolor/build/stub.o
 .debug_str     0x000022e3      0x1b4 /usr/lib/arm-none-eabi/newlib/thumb/nofp/libc_nano.a(libc_a-strlen-stub.o)
 .debug_str     0x000022e3      0x1a2 /usr/lib/arm-none-eabi/newlib/thumb/nofp/libc_nano.a(libc_a-strcat.o)
 .debug_str     0x000022e3      0x195 /usr/lib/arm-none-eabi/newlib/thumb/nofp/libc_nano.a(libc_a-strcpy.o)
 .debug_str     0x000022e3      0x1f8 /usr/lib/arm-none-eabi/newlib/thumb/nofp/libc_nano.a(libc_a-init.o)
 .debug_str     0x000022e3      0x1ab /usr/lib/arm-none-eabi/newlib/thumb/nofp/libc_nano.a(libc_a-memset.o)
 .debug_str     0x000022e3      0x1ca /usr/lib/arm-none-eabi/newlib/thumb/nofp/libc_nano.a(libc_a-memmove.o)
 .debug_str     0x000022e3      0x1c1 /usr/lib/arm-none-eabi/newlib/thumb/nofp/libc_nano.a(libc_a-strncpy.o)
 .debug_str     0x000022e3      0x197 /usr/lib/arm-none-eabi/newlib/thumb/nofp/libc_nano.a(libc_a-memcmp.o)
 .debug_str     0x000022e3       0xb1 /usr/lib/gcc/arm-none-eabi/13.2.1/thumb/nofp/libgcc.a(_thumb1_case_sqi.o)
 .debug_str     0x000022e3       0xb1 /usr/lib/gcc/arm-none-eabi/13.2.1/thumb/nofp/libgcc.a(_thumb1_case_uqi.o)
 .debug_str     0x000022e3       0xb1 /usr/lib/gcc/arm-none-eabi/13.2.1/thumb/nofp/libgcc.a(_thumb1_case_shi.o)
 .debug_str     0x000022e3       0xb6 /usr/lib/gcc/arm-none-eabi/13.2.1/thumb/nofp/libgcc.a(_udivsi3.o)
 .debug_str     0x000022e3       0xb4 /usr/lib/gcc/arm-none-eabi/13.2.1/thumb/nofp/libgcc.a(_divsi3.o)
 .debug_str     0x000022e3       0xb7 /usr/lib/gcc/arm-none-eabi/13.2.1/thumb/nofp/libgcc.a(_dvmd_tls.o)

.debug_loc
 *(.debug_loc)

.debug_macinfo
 *(.debug_macinfo)

.debug_weaknames
 *(.debug_weaknames)

.debug_funcnames
 *(.debug_funcnames)

.debug_typenames
 *(.debug_typenames)

.debug_varnames
 *(.debug_varnames)

.stack          0x00080000        0x0
                0x00080000                        _stack = .
 *(.stack)

.note.gnu.arm.ident
 *(.note.gnu.arm.ident)

.ARM.attributes
                0x00000000       0x26
 *(.ARM.attributes)
 .ARM.attributes
                0x00000000       0x1a /tmp/jagoombacolor/build/gba_crt0_my.o
 .ARM.attributes
                0x0000001a       0x26 /tmp/jagoombacolor/build/cache.o
 .ARM.attributes
                0x00000040       0x26 /tmp/jagoombacolor/build/dma.o
 .ARM.attributes
                0x00000066       0x26 /tmp/jagoombacolor/build/gbcgamedetect.o
 .ARM.attributes
                0x0000008c       0x26 /tmp/jagoombacolor/build/main.o
 .ARM.attributes
                0x000000b2       0x26 /tmp/jagoombacolor/build/mbclient.o
 .ARM.attributes
                0x000000d8       0x26 /tmp/jagoombacolor/build/minilzo.o
 .ARM.attributes
                0x000000fe       0x26 /tmp/jagoombacolor/build/pocketnes_text.o
 .ARM.attributes
                0x00000124       0x26 /tmp/jagoombacolor/build/rumble.o
 .ARM.attributes
                0x0000014a       0x26 /tmp/jagoombacolor/build/savestate.o
 .ARM.attributes
                0x00000170       0x26 /tmp/jagoombacolor/build/speedhack.o
 .ARM.attributes
                0x00000196       0x26 /tmp/jagoombacolor/build/sram.o
 .ARM.attributes
                0x000001bc       0x26 /tmp/jagoombacolor/build/ui.o
 .ARM.attributes
                0x000001e2       0x1a /tmp/jagoombacolor/build/all.o
 .ARM.attributes
                0x000001fc       0x1a /tmp/jagoombacolor/build/data.o
 .ARM.attributes
                0x00000216       0x26 /tmp/jagoombacolor/build/stub.o
 .ARM.attributes
                0x0000023c       0x2a /usr/lib/arm-none-eabi/newlib/thumb/nofp/libc_nano.a(libc_a-strlen-stub.o)
 .ARM.attributes
                0x00000266       0x2a /usr/lib/arm-none-eabi/newlib/thumb/nofp/libc_nano.a(libc_a-strcat.o)
 .ARM.attributes
                0x00000290       0x2a /usr/lib/arm-none-eabi/newlib/thumb/nofp/libc_nano.a(libc_a-strcpy.o)
 .ARM.attributes
                0x000002ba       0x2a /usr/lib/arm-none-eabi/newlib/thumb/nofp/libc_nano.a(libc_a-init.o)
 .ARM.attributes
                0x000002e4       0x2a /usr/lib/arm-none-eabi/newlib/thumb/nofp/libc_nano.a(libc_a-memset.o)
 .ARM.attributes
                0x0000030e       0x2a /usr/lib/arm-none-eabi/newlib/thumb/nofp/libc_nano.a(libc_a-memmove.o)
 .ARM.attributes
                0x00000338       0x2a /usr/lib/arm-none-eabi/newlib/thumb/nofp/libc_nano.a(libc_a-strncpy.o)
 .ARM.attributes
                0x00000362       0x2a /usr/lib/arm-none-eabi/newlib/thumb/nofp/libc_nano.a(libc_a-memcmp.o)
 .ARM.attributes
                0x0000038c       0x1c /usr/lib/gcc/arm-none-eabi/13.2.1/thumb/nofp/libgcc.a(_thumb1_case_sqi.o)
 .ARM.attributes
                0x000003a8       0x1c /usr/lib/gcc/arm-none-eabi/13.2.1/thumb/nofp/libgcc.a(_thumb1_case_uqi.o)
 .ARM.attributes
                0x000003c4       0x1c /usr/lib/gcc/arm-none-eabi/13.2.1/thumb/nofp/libgcc.a(_thumb1_case_shi.o)
 .ARM.attributes
                0x000003e0       0x1c /usr/lib/gcc/arm-none-eabi/13.2.1/thumb/nofp/libgcc.a(_udivsi3.o)
 .ARM.attributes
                0x000003fc       0x1c /usr/lib/gcc/arm-none-eabi/13.2.1/thumb/nofp/libgcc.a(_divsi3.o)
 .ARM.attributes
                0x00000418       0x1c /usr/lib/gcc/arm-none-eabi/13.2.1/thumb/nofp/libgcc.a(_dvmd_tls.o)

/DISCARD/
 *(.note.GNU-stack)
LOAD /tmp/jagoombacolor/build/gba_crt0_my.o
LOAD /tmp/jagoombacolor/build/cache.o
LOAD /tmp/jagoombacolor/build/dma.o
LOAD /tmp/jagoombacolor/build/gbcgamedetect.o
LOAD /tmp/jagoombacolor/build/main.o
LOAD /tmp/jagoombacolor/build/mbclient.o
LOAD /tmp/jagoombacolor/build/minilzo.o
LOAD /tmp/jagoombacolor/build/pocketnes_text.o
LOAD /tmp/jagoombacolor/build/rumble.o
LOAD /tmp/jagoombacolor/build/savestate.o
LOAD /tmp/jagoombacolor/build/speedhack.o
LOAD /tmp/jagoombacolor/build/sram.o
LOAD /tmp/jagoombacolor/build/ui.o
LOAD /tmp/jagoombacolor/build/all.o
LOAD /tmp/jagoombacolor/build/data.o
LOAD /tmp/jagoombacolor/build/stub.o
LOAD /tmp/jagoombacolor/build/font_lz77.o
LOAD /tmp/jagoombacolor/build/fontpal_bin.o
LOAD /opt/devkitarm/lib/gba/libgba.a
LOAD /usr/lib/arm-none-eabi/newlib/thumb/nofp/libc_nano.a
LOAD /usr/lib/arm-none-eabi/newlib/thumb/nofp/libnosys.a
START GROUP
LOAD /usr/lib/gcc/arm-none-eabi/13.2.1/thumb/nofp/libgcc.a
LOAD /usr/lib/arm-none-eabi/newlib/thumb/nofp/libg.a
LOAD /usr/lib/arm-none-eabi/newlib/thumb/nofp/libc.a
END GROUP
OUTPUT(/tmp/jagoombacolor/jagoombacolor.elf elf32-littlearm)
LOAD linker stubs

.debug_loclists
                0x00000000     0x6ba1
 .debug_loclists
                0x00000000       0x61 /tmp/jagoombacolor/build/cache.o
 .debug_loclists
                0x00000061      0xad3 /tmp/jagoombacolor/build/dma.o
 .debug_loclists
                0x00000b34      0x151 /tmp/jagoombacolor/build/gbcgamedetect.o
 .debug_loclists
                0x00000c85      0x55a /tmp/jagoombacolor/build/main.o
 .debug_loclists
                0x000011df     0x237f /tmp/jagoombacolor/build/minilzo.o
 .debug_loclists
                0x0000355e      0x683 /tmp/jagoombacolor/build/pocketnes_text.o
 .debug_loclists
                0x00003be1      0x115 /tmp/jagoombacolor/build/rumble.o
 .debug_loclists
                0x00003cf6      0x591 /tmp/jagoombacolor/build/savestate.o
 .debug_loclists
                0x00004287      0x754 /tmp/jagoombacolor/build/speedhack.o
 .debug_loclists
                0x000049db     0x12d9 /tmp/jagoombacolor/build/sram.o
 .debug_loclists
                0x00005cb4      0x5e9 /tmp/jagoombacolor/build/ui.o
 .debug_loclists
                0x0000629d       0x57 /usr/lib/arm-none-eabi/newlib/thumb/nofp/libc_nano.a(libc_a-strlen-stub.o)
 .debug_loclists
                0x000062f4       0x58 /usr/lib/arm-none-eabi/newlib/thumb/nofp/libc_nano.a(libc_a-strcat.o)
 .debug_loclists
                0x0000634c       0x29 /usr/lib/arm-none-eabi/newlib/thumb/nofp/libc_nano.a(libc_a-strcpy.o)
 .debug_loclists
                0x00006375       0x5a /usr/lib/arm-none-eabi/newlib/thumb/nofp/libc_nano.a(libc_a-init.o)
 .debug_loclists
                0x000063cf      0x1c6 /usr/lib/arm-none-eabi/newlib/thumb/nofp/libc_nano.a(libc_a-memset.o)
 .debug_loclists
                0x00006595      0x3c5 /usr/lib/arm-none-eabi/newlib/thumb/nofp/libc_nano.a(libc_a-memmove.o)
 .debug_loclists
                0x0000695a      0x11f /usr/lib/arm-none-eabi/newlib/thumb/nofp/libc_nano.a(libc_a-strncpy.o)
 .debug_loclists
                0x00006a79      0x128 /usr/lib/arm-none-eabi/newlib/thumb/nofp/libc_nano.a(libc_a-memcmp.o)

.debug_rnglists
                0x00000000      0x3cd
 .debug_rnglists
                0x00000000      0x11b /tmp/jagoombacolor/build/dma.o
 .debug_rnglists
                0x0000011b       0x2a /tmp/jagoombacolor/build/gbcgamedetect.o
 .debug_rnglists
                0x00000145       0x28 /tmp/jagoombacolor/build/main.o
 .debug_rnglists
                0x0000016d       0xa8 /tmp/jagoombacolor/build/minilzo.o
 .debug_rnglists
                0x00000215       0x74 /tmp/jagoombacolor/build/pocketnes_text.o
 .debug_rnglists
                0x00000289       0x38 /tmp/jagoombacolor/build/savestate.o
 .debug_rnglists
                0x000002c1       0x80 /tmp/jagoombacolor/build/speedhack.o
 .debug_rnglists
                0x00000341       0x79 /tmp/jagoombacolor/build/sram.o
 .debug_rnglists
                0x000003ba       0x13 /usr/lib/arm-none-eabi/newlib/thumb/nofp/libc_nano.a(libc_a-strcpy.o)

.debug_line_str
                0x00000000       0x8f
 .debug_line_str
                0x00000000       0x8f /usr/lib/gcc/arm-none-eabi/13.2.1/thumb/nofp/libgcc.a(_thumb1_case_sqi.o)
 .debug_line_str
                0x0000008f       0x8f /usr/lib/gcc/arm-none-eabi/13.2.1/thumb/nofp/libgcc.a(_thumb1_case_uqi.o)
 .debug_line_str
                0x0000008f       0x8f /usr/lib/gcc/arm-none-eabi/13.2.1/thumb/nofp/libgcc.a(_thumb1_case_shi.o)
 .debug_line_str
                0x0000008f       0x8f /usr/lib/gcc/arm-none-eabi/13.2.1/thumb/nofp/libgcc.a(_udivsi3.o)
 .debug_line_str
                0x0000008f       0x8f /usr/lib/gcc/arm-none-eabi/13.2.1/thumb/nofp/libgcc.a(_divsi3.o)
 .debug_line_str
                0x0000008f       0x8f /usr/lib/gcc/arm-none-eabi/13.2.1/thumb/nofp/libgcc.a(_dvmd_tls.o)
